// Jest Snapshot v1, https://goo.gl/fbAQLP

exports[`Course renders correctly 1`] = `
<CourseInfo
  courseId="1"
  courseMentors={Array []}
  courseStudents={Array []}
  fetchCourseMentors={[Function]}
  fetchCourseStudents={[Function]}
/>
`;
