// Jest Snapshot v1, https://goo.gl/fbAQLP

exports[`Courses renders correctly 1`] = `
<Courses
  courses={Array []}
  enrollUser={[Function]}
  feed={Array []}
  fetchCourses={[Function]}
  participations={Array []}
/>
`;
