// Jest Snapshot v1, https://goo.gl/fbAQLP

exports[`Home renders correctly if no data 1`] = `
<Home
  feed={Array []}
  fetchFeed={[Function]}
/>
`;
